cycle 1 start 2026-09-02T07:02:43Z head=74ecd69e98876b8da26336a6d7cc24eba3e74697
[2026-09-02T07:02:43Z] START source_pre
[2026-09-02T07:02:44Z] END   source_pre rc=0 wall=0.5s :: 
[2026-09-02T07:02:44Z] START U0
[2026-09-02T07:02:48Z] END   U0 rc=0 wall=4.4s :: recon PASS: unit=U0 mode=live mapping=v1.0.1 tolerances=v1 -> /home/ubuntu/cutover_work/pr2/cycle1/U0/gate/result.json
[2026-09-02T07:02:48Z] START U1
[2026-09-02T07:04:24Z] END   U1 rc=0 wall=96.1s :: recon PASS: unit=U1 mode=live mapping=v1.0.1 tolerances=v1 -> /home/ubuntu/cutover_work/pr2/cycle1/U1/gate/result.json
[2026-09-02T07:04:24Z] START U2
[2026-09-02T07:04:46Z] END   U2 rc=0 wall=22.1s :: recon PASS: unit=U2 mode=live mapping=v1.0.1 tolerances=v1 -> /home/ubuntu/cutover_work/pr2/cycle1/U2/gate/result.json
[2026-09-02T07:04:46Z] START U5
[2026-09-02T07:05:00Z] END   U5 rc=0 wall=13.7s :: recon PASS: unit=U5 mode=live mapping=v1.0.1 tolerances=v1 -> /home/ubuntu/cutover_work/pr2/cycle1/U5/gate/result.json
[2026-09-02T07:05:00Z] START U3
[2026-09-02T07:05:06Z] END   U3 rc=0 wall=5.9s :: recon PASS: unit=U3 mode=live family=postgres mapping=v1.0.1 tolerances=v1 -> /home/ubuntu/cutover_work/pr2/cycle1/U3/gate/result.json
[2026-09-02T07:05:06Z] START U4
[2026-09-02T07:05:12Z] END   U4 rc=0 wall=6.1s :: recon PASS: unit=U4 mode=live mapping=v1.0.1 tolerances=v1 -> /home/ubuntu/cutover_work/pr2/cycle1/U4/gate/result.json
[2026-09-02T07:05:12Z] START U6
[2026-09-02T07:05:34Z] END   U6 rc=0 wall=21.5s :: recon PASS: unit=U6 mode=live mapping=v1.0.1 tolerances=v1 -> /home/ubuntu/cutover_work/pr2/cycle1/U6/gate/result.json
[2026-09-02T07:05:34Z] START U7
[2026-09-02T07:05:44Z] END   U7 rc=0 wall=10.0s :: recon PASS: unit=U7 mode=live family=oracle mapping=v1.0.1 tolerances=v1 -> /home/ubuntu/cutover_work/pr2/cycle1/U7/gate/result.json
[2026-09-02T07:05:44Z] START U8
[2026-09-02T07:06:00Z] END   U8 rc=0 wall=16.5s :: recon PASS: unit=U8 mode=live family=oracle mapping=v1.0.1 tolerances=v1 -> /home/ubuntu/cutover_work/pr2/cycle1/U8/gate/result.json
[2026-09-02T07:06:00Z] START U9
[2026-09-02T07:06:38Z] END   U9 rc=0 wall=37.4s :: recon PASS: unit=U9 mode=live family=oracle mapping=v1.0.1 tolerances=v1 -> /home/ubuntu/cutover_work/pr2/cycle1/U9/gate/result.json
[2026-09-02T07:06:38Z] START guards
[2026-09-02T07:06:42Z] END   guards rc=0 wall=3.9s :: guards PASS
[2026-09-02T07:06:42Z] START source_post
[2026-09-02T07:06:42Z] END   source_post rc=0 wall=0.6s :: 
cycle 1 end 2026-09-02T07:06:42Z
