pass 1: 175 documents -> ow_tp_billing_20261001T233613Z codes: +32 ~0 =32, tenants: +70 ~0 =70, plans: +3 ~0 =3, subscriptions: +70 ~0 =70, subscriptions_hist: +0 ~0 =0
indexes: 4 ensured on ow_tp_billing_20261001T233613Z
pass 1: 176 documents -> ow_tp_billing_20261001T233613Z codes: +32 ~0 =32, tenants: +71 ~0 =71, plans: +3 ~0 =3, subscriptions: +70 ~0 =70, subscriptions_hist: +0 ~0 =0
indexes: 4 ensured on ow_tp_billing_20261001T233613Z
EDGE-001: pass - tenant with no subscriptions: entitlement empty on both backends, /me does not bootstrap a subscription
pass 1: 175 documents -> ow_tp_billing_20261001T233613Z codes: +32 ~0 =32, tenants: +70 ~0 =70, plans: +3 ~0 =3, subscriptions: +70 ~0 =70, subscriptions_hist: +0 ~0 =0
indexes: 4 ensured on ow_tp_billing_20261001T233613Z
EDGE-002: pass - unknown tenant and a date before the first subscription: empty results on both backends
pass 1: 175 documents -> ow_tp_billing_20261001T233613Z codes: +32 ~0 =32, tenants: +70 ~0 =70, plans: +3 ~0 =3, subscriptions: +70 ~0 =70, subscriptions_hist: +0 ~0 =0
indexes: 4 ensured on ow_tp_billing_20261001T233613Z
pass 1: 175 documents -> ow_tp_billing_20261001T233613Z codes: +32 ~0 =32, tenants: +70 ~0 =70, plans: +3 ~0 =3, subscriptions: +70 ~0 =70, subscriptions_hist: +0 ~0 =0
indexes: 4 ensured on ow_tp_billing_20261001T233613Z
EDGE-003: pass - unknown identity on /me bootstraps the tenant + cheapest active plan once, identically on both backends
pass 1: 175 documents -> ow_tp_billing_20261001T233613Z codes: +32 ~0 =32, tenants: +70 ~0 =70, plans: +3 ~0 =3, subscriptions: +70 ~0 =70, subscriptions_hist: +0 ~0 =0
indexes: 4 ensured on ow_tp_billing_20261001T233613Z
pass 1: 176 documents -> ow_tp_billing_20261001T233613Z codes: +32 ~0 =32, tenants: +70 ~0 =70, plans: +3 ~0 =3, subscriptions: +70 ~0 =70, subscriptions_hist: +1 ~0 =1
indexes: 4 ensured on ow_tp_billing_20261001T233613Z
pass 1: 175 documents -> ow_tp_billing_20261001T233613Z codes: +32 ~0 =32, tenants: +70 ~0 =70, plans: +3 ~0 =3, subscriptions: +70 ~0 =70, subscriptions_hist: +0 ~0 =0
indexes: 4 ensured on ow_tp_billing_20261001T233613Z
pass 1: 176 documents -> ow_tp_billing_20261001T233613Z codes: +32 ~0 =32, tenants: +70 ~0 =70, plans: +3 ~0 =3, subscriptions: +70 ~0 =70, subscriptions_hist: +1 ~0 =1
indexes: 4 ensured on ow_tp_billing_20261001T233613Z
EDGE-004: pass - TRG_SUB_NO_UNCANCEL: change_plan over a cancelled subscription keeps it cancelled; hist pre-images (loaded + written) agree
pass 1: 175 documents -> ow_tp_billing_20261001T233613Z codes: +32 ~0 =32, tenants: +70 ~0 =70, plans: +3 ~0 =3, subscriptions: +70 ~0 =70, subscriptions_hist: +0 ~0 =0
indexes: 4 ensured on ow_tp_billing_20261001T233613Z
pass 1: 175 documents -> ow_tp_billing_20261001T233613Z codes: +32 ~0 =32, tenants: +70 ~0 =70, plans: +3 ~0 =3, subscriptions: +70 ~0 =70, subscriptions_hist: +0 ~0 =0
indexes: 4 ensured on ow_tp_billing_20261001T233613Z
EDGE-005: pass - same-day change_plan: backends/oracle.change_plan first closes subscriptions with starts_on = effective_on (ends_on = effective_on - 1) before PKG_PLANS.sp_change_plan; the Mongo port must do the same
pass 1: 175 documents -> ow_tp_billing_20261001T233613Z codes: +32 ~0 =32, tenants: +70 ~0 =70, plans: +3 ~0 =3, subscriptions: +70 ~0 =70, subscriptions_hist: +0 ~0 =0
indexes: 4 ensured on ow_tp_billing_20261001T233613Z
pass 1: 175 documents -> ow_tp_billing_20261001T233613Z codes: +32 ~0 =32, tenants: +70 ~0 =70, plans: +3 ~0 =3, subscriptions: +70 ~0 =70, subscriptions_hist: +0 ~0 =0
indexes: 4 ensured on ow_tp_billing_20261001T233613Z
EDGE-006: pass - repeating the same plan change: deterministic id collides (ORA-00001 / DuplicateKeyError) -> 503 on both, state unchanged
pass 1: 175 documents -> ow_tp_billing_20261001T233613Z codes: +32 ~0 =32, tenants: +70 ~0 =70, plans: +3 ~0 =3, subscriptions: +70 ~0 =70, subscriptions_hist: +0 ~0 =0
indexes: 4 ensured on ow_tp_billing_20261001T233613Z
pass 1: 176 documents -> ow_tp_billing_20261001T233613Z codes: +32 ~0 =32, tenants: +70 ~0 =70, plans: +3 ~0 =3, subscriptions: +71 ~0 =71, subscriptions_hist: +0 ~0 =0
indexes: 4 ensured on ow_tp_billing_20261001T233613Z
pass 1: 175 documents -> ow_tp_billing_20261001T233613Z codes: +32 ~0 =32, tenants: +70 ~0 =70, plans: +3 ~0 =3, subscriptions: +70 ~0 =70, subscriptions_hist: +0 ~0 =0
indexes: 4 ensured on ow_tp_billing_20261001T233613Z
pass 1: 176 documents -> ow_tp_billing_20261001T233613Z codes: +32 ~0 =32, tenants: +70 ~0 =70, plans: +3 ~0 =3, subscriptions: +71 ~0 =71, subscriptions_hist: +0 ~0 =0
indexes: 4 ensured on ow_tp_billing_20261001T233613Z
EDGE-007: pass - close+insert atomicity: when the new id already exists, neither backend leaves the open subscription closed or a stray hist row
pass 1: 175 documents -> ow_tp_billing_20261001T233613Z codes: +32 ~0 =32, tenants: +70 ~0 =70, plans: +3 ~0 =3, subscriptions: +70 ~0 =70, subscriptions_hist: +0 ~0 =0
indexes: 4 ensured on ow_tp_billing_20261001T233613Z
pass 1: 177 documents -> ow_tp_billing_20261001T233613Z codes: +32 ~0 =32, tenants: +70 ~0 =70, plans: +5 ~0 =5, subscriptions: +70 ~0 =70, subscriptions_hist: +0 ~0 =0
indexes: 4 ensured on ow_tp_billing_20261001T233613Z
EDGE-008: pass - decimal edges: 0.01 / 0.000001 and NUMBER(12,2)/(12,6) maxima load as exact Decimal128 and render identically; inactive plan hidden on both
pass 1: 175 documents -> ow_tp_billing_20261001T233613Z codes: +32 ~0 =32, tenants: +70 ~0 =70, plans: +3 ~0 =3, subscriptions: +70 ~0 =70, subscriptions_hist: +0 ~0 =0
indexes: 4 ensured on ow_tp_billing_20261001T233613Z
pass 1: 177 documents -> ow_tp_billing_20261001T233613Z codes: +32 ~0 =32, tenants: +70 ~0 =70, plans: +3 ~0 =3, subscriptions: +70 ~0 =70, subscriptions_hist: +2 ~0 =2
indexes: 4 ensured on ow_tp_billing_20261001T233613Z
EDGE-009: pass - recon.py --mode local over the five U1 collections with subscriptions_hist rows present (dirty-date derived rule exercised)
EDGE-010: pass - quarantined rows: no U1 collection has a quarantine sibling; quarantine lives in later units and is listed unverified in the live report
pass 1: 175 documents -> ow_tp_billing_20261001T233613Z codes: +32 ~0 =32, tenants: +70 ~0 =70, plans: +3 ~0 =3, subscriptions: +70 ~0 =70, subscriptions_hist: +0 ~0 =0
indexes: 4 ensured on ow_tp_billing_20261001T233613Z
pass 1: 175 documents -> ow_tp_billing_20261001T233613Z codes: +32 ~0 =32, tenants: +70 ~0 =70, plans: +3 ~0 =3, subscriptions: +70 ~0 =70, subscriptions_hist: +0 ~0 =0
indexes: 4 ensured on ow_tp_billing_20261001T233613Z
EDGE-011: pass - facade path: new identity bootstrapped today, then POST /plan-change effective today -> one open subscription and identical entitlement on both backends
EDGE-012: FAIL - loader-carried subscriptions_hist row written by the Oracle trigger has a derived histDate
pass 1: 175 documents -> ow_tp_billing_20261001T233613Z codes: +32 ~0 =32, tenants: +70 ~0 =70, plans: +3 ~0 =3, subscriptions: +70 ~0 =70, subscriptions_hist: +0 ~0 =0
indexes: 4 ensured on ow_tp_billing_20261001T233613Z
edge probes fail (11/12) -> migration/billing/waves/wave1/U1.edge_probes.json
